// Jest Snapshot v1, https://goo.gl/fbAQLP

exports[`Test backend should return parsed lectures 1`] = `
Array [
  Object {
    "begin": 7,
    "day": 2,
    "end": 20.25,
    "id": "a8f836923dbbf706f822f88c0432ed88984e983e924eb0dd54ea6c523c29be87",
    "info": "",
    "lecturer": "",
    "room": "",
    "schedule": "SPLUS63AE59",
    "title": "Reformationstag",
    "week": 40,
  },
  Object {
    "begin": 8.25,
    "day": 1,
    "end": 9.75,
    "id": "2bfa2d7d320c77dbeb2a14b1cf75472b18eb74439aa402fe981852fe9d15db8d",
    "info": "",
    "lecturer": "Prof. Dr. F. Höppner, M.Sc. F. Morgenstern",
    "room": "P1, P4, P3, P2",
    "schedule": "SPLUS63AE59",
    "title": "Grundlagen des Programmierens - Labor",
    "week": 40,
  },
  Object {
    "begin": 8.25,
    "day": 3,
    "end": 9.75,
    "id": "a3cb36554f3fa21e706784b657f5f88b574ce806724e9bc40a1df26a3dbde98b",
    "info": "Dr. S. Bellmer, Raum 252. Dieser Sondertermin findet zusammen mit Mathe-Repetitorium für Wirtschaftsinformatik statt!",
    "lecturer": "",
    "room": "",
    "schedule": "SPLUS63AE59",
    "title": "Mathe Repetitorium - Sondertermin - BInf",
    "week": 40,
  },
  Object {
    "begin": 8.25,
    "day": 4,
    "end": 9.75,
    "id": "768b3e07897d6c0d170d3b5a068694b2e5ca22b41bf213f033bedd7fd780786b",
    "info": "",
    "lecturer": "Prof. Dr. F. Höppner",
    "room": "Hörsaal 223",
    "schedule": "SPLUS63AE59",
    "title": "Grundlagen des Programmierens - Gruppe B",
    "week": 40,
  },
  Object {
    "begin": 8.25,
    "day": 4,
    "end": 9.75,
    "id": "e6aae6a50093bb519cfa50204b8fc19973e972374b2090cb18cf2b914d1f58cf",
    "info": "",
    "lecturer": "Prof. Dr. M. Huhn",
    "room": "Hörsaal 026",
    "schedule": "SPLUS63AE59",
    "title": "Grundlagen des Programmierens - Gruppe A",
    "week": 40,
  },
  Object {
    "begin": 9.5,
    "day": 0,
    "end": 12.75,
    "id": "f618e4140638a4554cc7fc657d2d364913163540cfa01265cf22884a8a632caa",
    "info": "",
    "lecturer": "M.A. J. Schwiebert (CS)",
    "room": "Seminarraum 152",
    "schedule": "SPLUS63AE59",
    "title": "I-Einführung und Kompetenzen der Informatik (CS) - Gruppe 1",
    "week": 40,
  },
  Object {
    "begin": 9.5,
    "day": 0,
    "end": 12.75,
    "id": "6e8b5ac83307fd247987c3aef9ddb70b1b724eb84dbf36a11663ccf7b588fca0",
    "info": "",
    "lecturer": "Prof. Dr.-Ing. N. Jensen",
    "room": "11/1",
    "schedule": "SPLUS63AE59",
    "title": "Einführung und Kompetenzen der Informatik (CS)",
    "week": 40,
  },
  Object {
    "begin": 10,
    "day": 1,
    "end": 11.5,
    "id": "14d4f4e7274927bf3ad5fc4a3dcb0965e68b51c71d4c54fb1db55dde90b29d6d",
    "info": "",
    "lecturer": "Prof. Dr. F. Höppner, M.Sc. F. Morgenstern",
    "room": "P1, P4, P3, P2",
    "schedule": "SPLUS63AE59",
    "title": "Grundlagen des Programmierens - Labor",
    "week": 40,
  },
  Object {
    "begin": 10,
    "day": 3,
    "end": 11.5,
    "id": "fefc15f36f72f8f8a88dbb6c33c1aba8c9f344d5a18848d86c178d79b54b5350",
    "info": "",
    "lecturer": "Dr. S. Bellmer",
    "room": "Hörsaal 252",
    "schedule": "SPLUS63AE59",
    "title": "Mathe Cafe 1. Sem",
    "week": 40,
  },
  Object {
    "begin": 10,
    "day": 4,
    "end": 11.5,
    "id": "b462ccdbd942a87ffe802ec289dee0cd3b16c568e908f5c38a853711a63174f5",
    "info": "",
    "lecturer": "Prof. Dr. P. Riegler",
    "room": "Scale-Up-Room 201, I-WF-Ex-7/? (Alter Speisesaal Cafe Limes)",
    "schedule": "SPLUS63AE59",
    "title": "Diskrete Strukturen-Bainf",
    "week": 40,
  },
  Object {
    "begin": 12,
    "day": 1,
    "end": 13.5,
    "id": "0ba522dafdb0e87fcf2e260d09e4b0a57ad1944642781a78876ee22ee7e10a0a",
    "info": "Die VL findet in 7/? statt.",
    "lecturer": "Prof. Dr. P. Riegler",
    "room": "Scale-Up-Room 201, I-WF-Ex-7/? (Alter Speisesaal Cafe Limes)",
    "schedule": "SPLUS63AE59",
    "title": "Diskrete Strukturen-Bainf",
    "week": 40,
  },
  Object {
    "begin": 12,
    "day": 4,
    "end": 13.5,
    "id": "c62406f3ff8113687e8e388ddc29d4f94ce9141db60c3690e500222a7307cbb1",
    "info": "",
    "lecturer": "Dipl.-Inf. D. Dick-Anwander",
    "room": "Poolraum 132 (P8)",
    "schedule": "SPLUS63AE59",
    "title": "Informatik-Lounge 1.Sem",
    "week": 40,
  },
  Object {
    "begin": 14,
    "day": 3,
    "end": 18,
    "id": "02407b79b988ba32a3c3af35bafb3e294303aae9e9cdf373cca9882ad558bb31",
    "info": "",
    "lecturer": "",
    "room": "Seminarraum 152",
    "schedule": "SPLUS63AE59",
    "title": "Rhetorik und wissenschaftliches Arbeiten - Gruppe 2 (CS)",
    "week": 40,
  },
  Object {
    "begin": 14,
    "day": 3,
    "end": 18,
    "id": "dd02fa7728d1d4d1f64557674d62eddb1c4ed9815e6175d71464ba6667101d62",
    "info": "Dozenten: M.A. J. Schwiebert / Dipl.-Ing. H. Perkuhn",
    "lecturer": "",
    "room": "Seminarraum 136",
    "schedule": "SPLUS63AE59",
    "title": "Rhetorik und wissenschaftliches Arbeiten - Gruppe 3 (CS)",
    "week": 40,
  },
  Object {
    "begin": 14.25,
    "day": 0,
    "end": 15.75,
    "id": "d0f1052c51e2bb6659d75ecbed22794088e3e95955007bdb79e61b144107e6f6",
    "info": "",
    "lecturer": "Dipl.-Ing. K. Dammann",
    "room": "11/1",
    "schedule": "SPLUS63AE59",
    "title": "Technische Grundlagen der Informatik Alt: Technik der Informatik-VL",
    "week": 40,
  },
  Object {
    "begin": 14.25,
    "day": 1,
    "end": 15.75,
    "id": "3e840e988878dbcb8e0419df9529fc9a969b3ea6201eb08db557e89165fefc90",
    "info": "",
    "lecturer": "Dipl.-Ing. K. Dammann",
    "room": "Hörsaal 252",
    "schedule": "SPLUS63AE59",
    "title": "Technische Grundlagen der Informatik Alt: Technik der Informatik-VL",
    "week": 40,
  },
]
`;
