// Jest Snapshot v1, https://goo.gl/fbAQLP

exports[`Test backend should return parsed lectures 1`] = `
Array [
  Object {
    "begin": 7,
    "day": 2,
    "duration": 13.25,
    "id": "Reformationstag - ",
    "info": "",
    "lecturer": "",
    "room": "",
    "start": "2018-10-03T00:00:00.000Z",
    "title": "Reformationstag",
  },
  Object {
    "begin": 8.25,
    "day": 1,
    "duration": 1.5,
    "id": "Grundlagen des Programmierens - Labor - Prof. Dr. F. Höppner, M.Sc. F. Morgenstern",
    "info": "",
    "lecturer": "Prof. Dr. F. Höppner, M.Sc. F. Morgenstern",
    "room": "P1, P4, P3, P2",
    "start": "2018-10-02T00:00:00.000Z",
    "title": "Grundlagen des Programmierens - Labor",
  },
  Object {
    "begin": 8.25,
    "day": 3,
    "duration": 1.5,
    "id": "Mathe Repetitorium - Sondertermin - BInf - ",
    "info": "Dr. S. Bellmer, Raum 252. Dieser Sondertermin findet zusammen mit Mathe-Repetitorium für Wirtschaftsinformatik statt!",
    "lecturer": "",
    "room": "",
    "start": "2018-10-04T00:00:00.000Z",
    "title": "Mathe Repetitorium - Sondertermin - BInf",
  },
  Object {
    "begin": 8.25,
    "day": 4,
    "duration": 1.5,
    "id": "Grundlagen des Programmierens - Gruppe B - Prof. Dr. F. Höppner",
    "info": "",
    "lecturer": "Prof. Dr. F. Höppner",
    "room": "Hörsaal 223",
    "start": "2018-10-05T00:00:00.000Z",
    "title": "Grundlagen des Programmierens - Gruppe B",
  },
  Object {
    "begin": 8.25,
    "day": 4,
    "duration": 1.5,
    "id": "Grundlagen des Programmierens - Gruppe A - Prof. Dr. M. Huhn",
    "info": "",
    "lecturer": "Prof. Dr. M. Huhn",
    "room": "Hörsaal 026",
    "start": "2018-10-05T00:00:00.000Z",
    "title": "Grundlagen des Programmierens - Gruppe A",
  },
  Object {
    "begin": 9.5,
    "day": 0,
    "duration": 3.25,
    "id": "I-Einführung und Kompetenzen der Informatik (CS) - Gruppe 1 - M.A. J. Schwiebert (CS)",
    "info": "",
    "lecturer": "M.A. J. Schwiebert (CS)",
    "room": "Seminarraum 152",
    "start": "2018-10-01T00:00:00.000Z",
    "title": "I-Einführung und Kompetenzen der Informatik (CS) - Gruppe 1",
  },
  Object {
    "begin": 9.5,
    "day": 0,
    "duration": 3.25,
    "id": "Einführung und Kompetenzen der Informatik (CS) - Prof. Dr.-Ing. N. Jensen",
    "info": "",
    "lecturer": "Prof. Dr.-Ing. N. Jensen",
    "room": "11/1",
    "start": "2018-10-01T00:00:00.000Z",
    "title": "Einführung und Kompetenzen der Informatik (CS)",
  },
  Object {
    "begin": 10,
    "day": 1,
    "duration": 1.5,
    "id": "Grundlagen des Programmierens - Labor - Prof. Dr. F. Höppner, M.Sc. F. Morgenstern",
    "info": "",
    "lecturer": "Prof. Dr. F. Höppner, M.Sc. F. Morgenstern",
    "room": "P1, P4, P3, P2",
    "start": "2018-10-02T00:00:00.000Z",
    "title": "Grundlagen des Programmierens - Labor",
  },
  Object {
    "begin": 10,
    "day": 3,
    "duration": 1.5,
    "id": "Mathe Cafe 1. Sem - Dr. S. Bellmer",
    "info": "",
    "lecturer": "Dr. S. Bellmer",
    "room": "Hörsaal 252",
    "start": "2018-10-04T00:00:00.000Z",
    "title": "Mathe Cafe 1. Sem",
  },
  Object {
    "begin": 10,
    "day": 4,
    "duration": 1.5,
    "id": "Diskrete Strukturen-Bainf - Prof. Dr. P. Riegler",
    "info": "",
    "lecturer": "Prof. Dr. P. Riegler",
    "room": "Scale-Up-Room 201, I-WF-Ex-7/? (Alter Speisesaal Cafe Limes)",
    "start": "2018-10-05T00:00:00.000Z",
    "title": "Diskrete Strukturen-Bainf",
  },
  Object {
    "begin": 12,
    "day": 1,
    "duration": 1.5,
    "id": "Diskrete Strukturen-Bainf - Prof. Dr. P. Riegler",
    "info": "Die VL findet in 7/? statt.",
    "lecturer": "Prof. Dr. P. Riegler",
    "room": "Scale-Up-Room 201, I-WF-Ex-7/? (Alter Speisesaal Cafe Limes)",
    "start": "2018-10-02T00:00:00.000Z",
    "title": "Diskrete Strukturen-Bainf",
  },
  Object {
    "begin": 12,
    "day": 4,
    "duration": 1.5,
    "id": "Informatik-Lounge 1.Sem - Dipl.-Inf. D. Dick-Anwander",
    "info": "",
    "lecturer": "Dipl.-Inf. D. Dick-Anwander",
    "room": "Poolraum 132 (P8)",
    "start": "2018-10-05T00:00:00.000Z",
    "title": "Informatik-Lounge 1.Sem",
  },
  Object {
    "begin": 14,
    "day": 3,
    "duration": 4,
    "id": "Rhetorik und wissenschaftliches Arbeiten - Gruppe 2 (CS) - ",
    "info": "",
    "lecturer": "",
    "room": "Seminarraum 152",
    "start": "2018-10-04T00:00:00.000Z",
    "title": "Rhetorik und wissenschaftliches Arbeiten - Gruppe 2 (CS)",
  },
  Object {
    "begin": 14,
    "day": 3,
    "duration": 4,
    "id": "Rhetorik und wissenschaftliches Arbeiten - Gruppe 3 (CS) - ",
    "info": "Dozenten: M.A. J. Schwiebert / Dipl.-Ing. H. Perkuhn",
    "lecturer": "",
    "room": "Seminarraum 136",
    "start": "2018-10-04T00:00:00.000Z",
    "title": "Rhetorik und wissenschaftliches Arbeiten - Gruppe 3 (CS)",
  },
  Object {
    "begin": 14.25,
    "day": 0,
    "duration": 1.5,
    "id": "Technische Grundlagen der Informatik Alt: Technik der Informatik-VL - Dipl.-Ing. K. Dammann",
    "info": "",
    "lecturer": "Dipl.-Ing. K. Dammann",
    "room": "11/1",
    "start": "2018-10-01T00:00:00.000Z",
    "title": "Technische Grundlagen der Informatik Alt: Technik der Informatik-VL",
  },
  Object {
    "begin": 14.25,
    "day": 1,
    "duration": 1.5,
    "id": "Technische Grundlagen der Informatik Alt: Technik der Informatik-VL - Dipl.-Ing. K. Dammann",
    "info": "",
    "lecturer": "Dipl.-Ing. K. Dammann",
    "room": "Hörsaal 252",
    "start": "2018-10-02T00:00:00.000Z",
    "title": "Technische Grundlagen der Informatik Alt: Technik der Informatik-VL",
  },
]
`;
