// Jest Snapshot v1, https://goo.gl/fbAQLP

exports[`Test backend should return an ICS matching the snapshot 1`] = `
"BEGIN:VCALENDAR
VERSION:2.0
PRODID:-//sebbo.net//ical-generator//EN
TIMEZONE-ID:Europe/Berlin
X-WR-TIMEZONE:Europe/Berlin
BEGIN:VEVENT
UID:f353819423f6824f@spluseins.de
SEQUENCE:0

DTSTART:20190319T081500
DTEND:20190319T094500
SUMMARY:Grundlagen des Programmierens - Labor
LOCATION:P1\\\\, P4\\\\, P3\\\\, P2
DESCRIPTION:Prof. Dr. F. Höppner\\\\, M.Sc. F. Morgenstern
END:VEVENT
BEGIN:VEVENT
UID:65d823c2d9b34004@spluseins.de
SEQUENCE:0

DTSTART:20190319T100000
DTEND:20190319T113000
SUMMARY:Grundlagen des Programmierens - Labor
LOCATION:P1\\\\, P4\\\\, P3\\\\, P2
DESCRIPTION:Prof. Dr. F. Höppner\\\\, M.Sc. F. Morgenstern
END:VEVENT
BEGIN:VEVENT
UID:fdb8b183f6fcec07@spluseins.de
SEQUENCE:0

DTSTART:20190322T100000
DTEND:20190322T113000
SUMMARY:Diskrete Strukturen-Bainf
LOCATION:Scale-Up-Room 201\\\\, I-WF-Ex-7/? (Alter Speisesaal Cafe Limes)
DESCRIPTION:Prof. Dr. P. Riegler
END:VEVENT
BEGIN:VEVENT
UID:1aaaec99769323e9@spluseins.de
SEQUENCE:0

DTSTART:20190319T120000
DTEND:20190319T133000
SUMMARY:Diskrete Strukturen-Bainf
LOCATION:Scale-Up-Room 201\\\\, I-WF-Ex-7/? (Alter Speisesaal Cafe Limes)
DESCRIPTION:Prof. Dr. P. Riegler - Die VL findet in 7/? statt.
END:VEVENT
END:VCALENDAR"
`;

exports[`Test backend should return parsed lectures 1`] = `
Array [
  Object {
    "begin": 7,
    "day": 2,
    "duration": 13.25,
    "info": "",
    "lecturer": "",
    "lecturerId": "",
    "room": "",
    "start": "2019-03-19T23:00:00.000Z",
    "title": "Reformationstag",
    "titleId": "R",
  },
  Object {
    "begin": 8.25,
    "day": 1,
    "duration": 1.5,
    "info": "",
    "lecturer": "Prof. Dr. F. Höppner, M.Sc. F. Morgenstern",
    "lecturerId": "Hoeppner Morgenstern",
    "room": "P1, P4, P3, P2",
    "start": "2019-03-18T23:00:00.000Z",
    "title": "Grundlagen des Programmierens - Labor",
    "titleId": "GdPL",
  },
  Object {
    "begin": 8.25,
    "day": 3,
    "duration": 1.5,
    "info": "Dr. S. Bellmer, Raum 252. Dieser Sondertermin findet zusammen mit Mathe-Repetitorium für Wirtschaftsinformatik statt!",
    "lecturer": "",
    "lecturerId": "",
    "room": "",
    "start": "2019-03-20T23:00:00.000Z",
    "title": "Mathe Repetitorium - Sondertermin - BInf",
    "titleId": "MRSB",
  },
  Object {
    "begin": 8.25,
    "day": 4,
    "duration": 1.5,
    "info": "",
    "lecturer": "Prof. Dr. F. Höppner",
    "lecturerId": "Hoeppner",
    "room": "Hörsaal 223",
    "start": "2019-03-21T23:00:00.000Z",
    "title": "Grundlagen des Programmierens - Gruppe B",
    "titleId": "GdPGB",
  },
  Object {
    "begin": 8.25,
    "day": 4,
    "duration": 1.5,
    "info": "",
    "lecturer": "Prof. Dr. M. Huhn",
    "lecturerId": "Huhn",
    "room": "Hörsaal 026",
    "start": "2019-03-21T23:00:00.000Z",
    "title": "Grundlagen des Programmierens - Gruppe A",
    "titleId": "GdPGA",
  },
  Object {
    "begin": 9.5,
    "day": 0,
    "duration": 3.25,
    "info": "",
    "lecturer": "M.A. J. Schwiebert (CS)",
    "lecturerId": "Schwiebert",
    "room": "Seminarraum 152",
    "start": "2019-03-17T23:00:00.000Z",
    "title": "I-Einführung und Kompetenzen der Informatik (CS) - Gruppe 1",
    "titleId": "IEhuKdICG1",
  },
  Object {
    "begin": 9.5,
    "day": 0,
    "duration": 3.25,
    "info": "",
    "lecturer": "Prof. Dr.-Ing. N. Jensen",
    "lecturerId": "Jensen",
    "room": "11/1",
    "start": "2019-03-17T23:00:00.000Z",
    "title": "Einführung und Kompetenzen der Informatik (CS)",
    "titleId": "EhuKdIC",
  },
  Object {
    "begin": 10,
    "day": 1,
    "duration": 1.5,
    "info": "",
    "lecturer": "Prof. Dr. F. Höppner, M.Sc. F. Morgenstern",
    "lecturerId": "Hoeppner Morgenstern",
    "room": "P1, P4, P3, P2",
    "start": "2019-03-18T23:00:00.000Z",
    "title": "Grundlagen des Programmierens - Labor",
    "titleId": "GdPL",
  },
  Object {
    "begin": 10,
    "day": 3,
    "duration": 1.5,
    "info": "",
    "lecturer": "Dr. S. Bellmer",
    "lecturerId": "Bellmer",
    "room": "Hörsaal 252",
    "start": "2019-03-20T23:00:00.000Z",
    "title": "Mathe Cafe 1. Sem",
    "titleId": "MC1S",
  },
  Object {
    "begin": 10,
    "day": 4,
    "duration": 1.5,
    "info": "",
    "lecturer": "Prof. Dr. P. Riegler",
    "lecturerId": "Riegler",
    "room": "Scale-Up-Room 201, I-WF-Ex-7/? (Alter Speisesaal Cafe Limes)",
    "start": "2019-03-21T23:00:00.000Z",
    "title": "Diskrete Strukturen-Bainf",
    "titleId": "DSB",
  },
  Object {
    "begin": 12,
    "day": 1,
    "duration": 1.5,
    "info": "Die VL findet in 7/? statt.",
    "lecturer": "Prof. Dr. P. Riegler",
    "lecturerId": "Riegler",
    "room": "Scale-Up-Room 201, I-WF-Ex-7/? (Alter Speisesaal Cafe Limes)",
    "start": "2019-03-18T23:00:00.000Z",
    "title": "Diskrete Strukturen-Bainf",
    "titleId": "DSB",
  },
  Object {
    "begin": 12,
    "day": 4,
    "duration": 1.5,
    "info": "",
    "lecturer": "Dipl.-Inf. D. Dick-Anwander",
    "lecturerId": "Dick Anwander",
    "room": "Poolraum 132 (P8)",
    "start": "2019-03-21T23:00:00.000Z",
    "title": "Informatik-Lounge 1.Sem",
    "titleId": "IL1S",
  },
  Object {
    "begin": 14,
    "day": 3,
    "duration": 4,
    "info": "",
    "lecturer": "",
    "lecturerId": "",
    "room": "Seminarraum 152",
    "start": "2019-03-20T23:00:00.000Z",
    "title": "Rhetorik und wissenschaftliches Arbeiten - Gruppe 2 (CS)",
    "titleId": "RuwAG2C",
  },
  Object {
    "begin": 14,
    "day": 3,
    "duration": 4,
    "info": "Dozenten: M.A. J. Schwiebert / Dipl.-Ing. H. Perkuhn",
    "lecturer": "",
    "lecturerId": "",
    "room": "Seminarraum 136",
    "start": "2019-03-20T23:00:00.000Z",
    "title": "Rhetorik und wissenschaftliches Arbeiten - Gruppe 3 (CS)",
    "titleId": "RuwAG3C",
  },
  Object {
    "begin": 14.25,
    "day": 0,
    "duration": 1.5,
    "info": "",
    "lecturer": "Dipl.-Ing. K. Dammann",
    "lecturerId": "Dammann",
    "room": "11/1",
    "start": "2019-03-17T23:00:00.000Z",
    "title": "Technische Grundlagen der Informatik Alt: Technik der Informatik-VL",
    "titleId": "TGdIATdIV",
  },
  Object {
    "begin": 14.25,
    "day": 1,
    "duration": 1.5,
    "info": "",
    "lecturer": "Dipl.-Ing. K. Dammann",
    "lecturerId": "Dammann",
    "room": "Hörsaal 252",
    "start": "2019-03-18T23:00:00.000Z",
    "title": "Technische Grundlagen der Informatik Alt: Technik der Informatik-VL",
    "titleId": "TGdIATdIV",
  },
]
`;
